// Jest Snapshot v1, https://goo.gl/fbAQLP

exports[`<Text /> render h2 tag 1`] = `
.c0 {
  text-align: start;
  color: #071116;
  font-size: 16px;
  font-weight: 600;
  width: 100%;
  height: auto;
}

<div>
  <h2
    class="c0"
    font-size="16px"
  >
    Sample
  </h2>
</div>
`;
