// Jest Snapshot v1, https://goo.gl/fbAQLP

exports[`<Text /> render h1 tag 1`] = `
<div>
  <h2
    class=""
  >
    Sample
  </h2>
</div>
`;
